Archive member included because of file (symbol)

c:/program files (x86)/atmel/atmel toolchain/avr8 gcc/native/3.4.1061/avr8-gnu-toolchain/bin/../lib/gcc/avr/4.8.1/../../../../avr/lib/avr5\libm.a(addsf3.o)
                              joystick.o (__subsf3)
c:/program files (x86)/atmel/atmel toolchain/avr8 gcc/native/3.4.1061/avr8-gnu-toolchain/bin/../lib/gcc/avr/4.8.1/../../../../avr/lib/avr5\libm.a(addsf3x.o)
                              c:/program files (x86)/atmel/atmel toolchain/avr8 gcc/native/3.4.1061/avr8-gnu-toolchain/bin/../lib/gcc/avr/4.8.1/../../../../avr/lib/avr5\libm.a(addsf3.o) (__addsf3x)
c:/program files (x86)/atmel/atmel toolchain/avr8 gcc/native/3.4.1061/avr8-gnu-toolchain/bin/../lib/gcc/avr/4.8.1/../../../../avr/lib/avr5\libm.a(cmpsf2.o)
                              joystick.o (__eqsf2)
c:/program files (x86)/atmel/atmel toolchain/avr8 gcc/native/3.4.1061/avr8-gnu-toolchain/bin/../lib/gcc/avr/4.8.1/../../../../avr/lib/avr5\libm.a(divsf3.o)
                              joystick.o (__divsf3)
c:/program files (x86)/atmel/atmel toolchain/avr8 gcc/native/3.4.1061/avr8-gnu-toolchain/bin/../lib/gcc/avr/4.8.1/../../../../avr/lib/avr5\libm.a(divsf3x.o)
                              c:/program files (x86)/atmel/atmel toolchain/avr8 gcc/native/3.4.1061/avr8-gnu-toolchain/bin/../lib/gcc/avr/4.8.1/../../../../avr/lib/avr5\libm.a(divsf3.o) (__divsf3x)
c:/program files (x86)/atmel/atmel toolchain/avr8 gcc/native/3.4.1061/avr8-gnu-toolchain/bin/../lib/gcc/avr/4.8.1/../../../../avr/lib/avr5\libm.a(fixsfsi.o)
                              joystick.o (__fixsfsi)
c:/program files (x86)/atmel/atmel toolchain/avr8 gcc/native/3.4.1061/avr8-gnu-toolchain/bin/../lib/gcc/avr/4.8.1/../../../../avr/lib/avr5\libm.a(fixunssfsi.o)
                              c:/program files (x86)/atmel/atmel toolchain/avr8 gcc/native/3.4.1061/avr8-gnu-toolchain/bin/../lib/gcc/avr/4.8.1/../../../../avr/lib/avr5\libm.a(fixsfsi.o) (__fixunssfsi)
c:/program files (x86)/atmel/atmel toolchain/avr8 gcc/native/3.4.1061/avr8-gnu-toolchain/bin/../lib/gcc/avr/4.8.1/../../../../avr/lib/avr5\libm.a(floatsisf.o)
                              joystick.o (__floatsisf)
c:/program files (x86)/atmel/atmel toolchain/avr8 gcc/native/3.4.1061/avr8-gnu-toolchain/bin/../lib/gcc/avr/4.8.1/../../../../avr/lib/avr5\libm.a(fp_cmp.o)
                              c:/program files (x86)/atmel/atmel toolchain/avr8 gcc/native/3.4.1061/avr8-gnu-toolchain/bin/../lib/gcc/avr/4.8.1/../../../../avr/lib/avr5\libm.a(cmpsf2.o) (__fp_cmp)
c:/program files (x86)/atmel/atmel toolchain/avr8 gcc/native/3.4.1061/avr8-gnu-toolchain/bin/../lib/gcc/avr/4.8.1/../../../../avr/lib/avr5\libm.a(fp_inf.o)
                              c:/program files (x86)/atmel/atmel toolchain/avr8 gcc/native/3.4.1061/avr8-gnu-toolchain/bin/../lib/gcc/avr/4.8.1/../../../../avr/lib/avr5\libm.a(addsf3x.o) (__fp_inf)
c:/program files (x86)/atmel/atmel toolchain/avr8 gcc/native/3.4.1061/avr8-gnu-toolchain/bin/../lib/gcc/avr/4.8.1/../../../../avr/lib/avr5\libm.a(fp_nan.o)
                              c:/program files (x86)/atmel/atmel toolchain/avr8 gcc/native/3.4.1061/avr8-gnu-toolchain/bin/../lib/gcc/avr/4.8.1/../../../../avr/lib/avr5\libm.a(addsf3x.o) (__fp_nan)
c:/program files (x86)/atmel/atmel toolchain/avr8 gcc/native/3.4.1061/avr8-gnu-toolchain/bin/../lib/gcc/avr/4.8.1/../../../../avr/lib/avr5\libm.a(fp_pscA.o)
                              c:/program files (x86)/atmel/atmel toolchain/avr8 gcc/native/3.4.1061/avr8-gnu-toolchain/bin/../lib/gcc/avr/4.8.1/../../../../avr/lib/avr5\libm.a(addsf3x.o) (__fp_pscA)
c:/program files (x86)/atmel/atmel toolchain/avr8 gcc/native/3.4.1061/avr8-gnu-toolchain/bin/../lib/gcc/avr/4.8.1/../../../../avr/lib/avr5\libm.a(fp_pscB.o)
                              c:/program files (x86)/atmel/atmel toolchain/avr8 gcc/native/3.4.1061/avr8-gnu-toolchain/bin/../lib/gcc/avr/4.8.1/../../../../avr/lib/avr5\libm.a(addsf3x.o) (__fp_pscB)
c:/program files (x86)/atmel/atmel toolchain/avr8 gcc/native/3.4.1061/avr8-gnu-toolchain/bin/../lib/gcc/avr/4.8.1/../../../../avr/lib/avr5\libm.a(fp_round.o)
                              c:/program files (x86)/atmel/atmel toolchain/avr8 gcc/native/3.4.1061/avr8-gnu-toolchain/bin/../lib/gcc/avr/4.8.1/../../../../avr/lib/avr5\libm.a(addsf3.o) (__fp_round)
c:/program files (x86)/atmel/atmel toolchain/avr8 gcc/native/3.4.1061/avr8-gnu-toolchain/bin/../lib/gcc/avr/4.8.1/../../../../avr/lib/avr5\libm.a(fp_split3.o)
                              c:/program files (x86)/atmel/atmel toolchain/avr8 gcc/native/3.4.1061/avr8-gnu-toolchain/bin/../lib/gcc/avr/4.8.1/../../../../avr/lib/avr5\libm.a(addsf3x.o) (__fp_split3)
c:/program files (x86)/atmel/atmel toolchain/avr8 gcc/native/3.4.1061/avr8-gnu-toolchain/bin/../lib/gcc/avr/4.8.1/../../../../avr/lib/avr5\libm.a(fp_zero.o)
[...]
Memory Configuration

Name             Origin             Length             Attributes
text             0x00000000         0x00020000         xr
data             0x00800060         0x0000ffa0         rw !x
eeprom           0x00810000         0x00010000         rw !x
fuse             0x00820000         0x00000400         rw !x
lock             0x00830000         0x00000400         rw !x
signature        0x00840000         0x00000400         rw !x
user_signatures  0x00850000         0x00000400         rw !x
*default*        0x00000000         0xffffffff

Linker script and memory map

Address of section .data set to 0x800100
LOAD c:/program files (x86)/atmel/atmel toolchain/avr8 gcc/native/3.4.1061/avr8-gnu-toolchain/bin/../lib/gcc/avr/4.8.1/../../../../avr/lib/avr5/crtm162.o
LOAD adc.o
LOAD CAN.o
LOAD eeprom.o
LOAD joystick.o
LOAD MCP2515.o
LOAD menu.o
LOAD Node1.o
LOAD oled.o
LOAD SPI.o
LOAD sram.o
LOAD uart.o
START GROUP
LOAD c:/program files (x86)/atmel/atmel toolchain/avr8 gcc/native/3.4.1061/avr8-gnu-toolchain/bin/../lib/gcc/avr/4.8.1/../../../../avr/lib/avr5\libm.a
END GROUP
START GROUP
LOAD c:/program files (x86)/atmel/atmel toolchain/avr8 gcc/native/3.4.1061/avr8-gnu-toolchain/bin/../lib/gcc/avr/4.8.1/avr5\libgcc.a
LOAD c:/program files (x86)/atmel/atmel toolchain/avr8 gcc/native/3.4.1061/avr8-gnu-toolchain/bin/../lib/gcc/avr/4.8.1/../../../../avr/lib/avr5\libm.a
LOAD c:/program files (x86)/atmel/atmel toolchain/avr8 gcc/native/3.4.1061/avr8-gnu-toolchain/bin/../lib/gcc/avr/4.8.1/../../../../avr/lib/avr5\libc.a
END GROUP

.hash
 *(.hash)

.dynsym
 *(.dynsym)

.dynstr
 *(.dynstr)

.gnu.version
 *(.gnu.version)

.gnu.version_d
 *(.gnu.version_d)

.gnu.version_r
 *(.gnu.version_r)

.rel.init
 *(.rel.init)

.rela.init
 *(.rela.init)

.rel.text
 *(.rel.text)
 *(.rel.text.*)
 *(.rel.gnu.linkonce.t*)

.rela.text
 *(.rela.text)
 *(.rela.text.*)
 *(.rela.gnu.linkonce.t*)

.rel.fini
 *(.rel.fini)

.rela.fini
 *(.rela.fini)

.rel.rodata
 *(.rel.rodata)
 *(.rel.rodata.*)
 *(.rel.gnu.linkonce.r*)

.rela.rodata
 *(.rela.rodata)
 *(.rela.rodata.*)
 *(.rela.gnu.linkonce.r*)

.rel.data
 *(.rel.data)
 *(.rel.data.*)
 *(.rel.gnu.linkonce.d*)

.rela.data
 *(.rela.data)
 *(.rela.data.*)
 *(.rela.gnu.linkonce.d*)

.rel.ctors
 *(.rel.ctors)

.rela.ctors
 *(.rela.ctors)

.rel.dtors
 *(.rel.dtors)

.rela.dtors
 *(.rela.dtors)

.rel.got
 *(.rel.got)

.rela.got
 *(.rela.got)

.rel.bss
 *(.rel.bss)

.rela.bss
 *(.rela.bss)

.rel.plt
 *(.rel.plt)

.rela.plt
 *(.rela.plt)

.text           0x00000000     0x1e06
 *(.vectors)
 .vectors       0x00000000       0x70 c:/program files (x86)/atmel/atmel toolchain/avr8 gcc/native/3.4.1061/avr8-gnu-toolchain/bin/../lib/gcc/avr/4.8.1/../../../../avr/lib/avr5/crtm162.o
                0x00000000                __vector_default
                0x00000000                __vectors
 *(.vectors)
 *(.progmem.gcc*)
                0x00000070                . = ALIGN (0x2)
                0x00000070                __trampolines_start = .
 *(.trampolines)
 .trampolines   0x00000070        0x0 linker stubs
 *(.trampolines*)
                0x00000070                __trampolines_end = .
 *(.progmem*)
 .progmem.data.font8
                0x00000070      0x2f8 oled.o
                0x00000070                font8
                0x00000368                . = ALIGN (0x2)
 *(.jumptables)
 *(.jumptables*)
 *(.lowtext)
 *(.lowtext*)
                0x00000368                __ctors_start = .
 *(.ctors)
                0x00000368                __ctors_end = .
                0x00000368                __dtors_start = .
 *(.dtors)
                0x00000368                __dtors_end = .
 SORT(*)(.ctors)
 SORT(*)(.dtors)
 *(.init0)
 .init0         0x00000368        0x0 c:/program files (x86)/atmel/atmel toolchain/avr8 gcc/native/3.4.1061/avr8-gnu-toolchain/bin/../lib/gcc/avr/4.8.1/../../../../avr/lib/avr5/crtm162.o
                0x00000368                __init
 *(.init0)
 *(.init1)
 *(.init1)
 *(.init2)
 .init2         0x00000368        0xc c:/program files (x86)/atmel/atmel toolchain/avr8 gcc/native/3.4.1061/avr8-gnu-toolchain/bin/../lib/gcc/avr/4.8.1/../../../../avr/lib/avr5/crtm162.o
 *(.init2)
 *(.init3)
 *(.init3)
 *(.init4)
 .init4         0x00000374       0x16 c:/program files (x86)/atmel/atmel toolchain/avr8 gcc/native/3.4.1061/avr8-gnu-toolchain/bin/../lib/gcc/avr/4.8.1/avr5\libgcc.a(_copy_data.o)
                0x00000374                __do_copy_data
 .init4         0x0000038a       0x10 c:/program files (x86)/atmel/atmel toolchain/avr8 gcc/native/3.4.1061/avr8-gnu-toolchain/bin/../lib/gcc/avr/4.8.1/avr5\libgcc.a(_clear_bss.o)
                0x0000038a                __do_clear_bss
 *(.init4)
 *(.init5)
 *(.init5)
 *(.init6)
 *(.init6)
 *(.init7)
 *(.init7)
 *(.init8)
 *(.init8)
 *(.init9)
 .init9         0x0000039a        0x8 c:/program files (x86)/atmel/atmel toolchain/avr8 gcc/native/3.4.1061/avr8-gnu-toolchain/bin/../lib/gcc/avr/4.8.1/../../../../avr/lib/avr5/crtm162.o
 *(.init9)
 *(.text)
 .text          0x000003a2        0x4 c:/program files (x86)/atmel/atmel toolchain/avr8 gcc/native/3.4.1061/avr8-gnu-toolchain/bin/../lib/gcc/avr/4.8.1/../../../../avr/lib/avr5/crtm162.o
                0x000003a2                __vector_22
                0x000003a2                __vector_1
                0x000003a2                __vector_24
                0x000003a2                __vector_12
                0x000003a2                __bad_interrupt
                0x000003a2                __vector_6
                0x000003a2                __vector_3
                0x000003a2                __vector_23
                0x000003a2                __vector_25
                0x000003a2                __vector_11
                0x000003a2                __vector_13
                0x000003a2                __vector_17
                0x000003a2                __vector_19
                0x000003a2                __vector_7
                0x000003a2                __vector_27
                0x000003a2                __vector_5
                0x000003a2                __vector_4
                0x000003a2                __vector_9
                0x000003a2                __vector_2
                0x000003a2                __vector_21
                0x000003a2                __vector_15
                0x000003a2                __vector_8
                0x000003a2                __vector_26
                0x000003a2                __vector_14
                0x000003a2                __vector_10
                0x000003a2                __vector_16
                0x000003a2                __vector_18
                0x000003a2                __vector_20
                0x000003a6                . = ALIGN (0x2)
 *(.text.*)
 .text.adc      0x000003a6       0x42 adc.o
                0x000003a6                adc
 .text.CAN_setMode
                0x000003e8        0xc CAN.o
                0x000003e8                CAN_setMode
 .text.CAN_sendMessage
                0x000003f4       0x7a CAN.o
                0x000003f4                CAN_sendMessage
 .text.CAN_init
                0x0000046e       0x6a CAN.o
                0x0000046e                CAN_init
 .text.CAN_recieve
                0x000004d8       0x72 CAN.o
                0x000004d8                CAN_recieve
 .text.reMap    0x0000054a       0xce joystick.o
                0x0000054a                reMap
 .text.getControlOutput
                0x00000618      0x12c joystick.o
                0x00000618                getControlOutput
 .text.MCP_read
                0x00000744       0x28 MCP2515.o
                0x00000744                MCP_read
 .text.MCP_write
                0x0000076c       0x2c MCP2515.o
                0x0000076c                MCP_write
 .text.MCP_requestToSend
                0x00000798       0x1c MCP2515.o
                0x00000798                MCP_requestToSend
 .text.MCP_bitMod
                0x000007b4       0x38 MCP2515.o
                0x000007b4                MCP_bitMod
 .text.MCP_reset
                0x000007ec       0x14 MCP2515.o
                0x000007ec                MCP_reset
 .text.MCP_init
                0x00000800        0xa MCP2515.o
                0x00000800                MCP_init
 .text.calibrationDummy
                0x0000080a        0x2 menu.o
                0x0000080a                calibrationDummy
 .text.printMenuToScreen
                0x0000080c       0x94 menu.o
                0x0000080c                printMenuToScreen
 .text.menuInit
                0x000008a0      0x224 menu.o
                0x000008a0                menuInit
 .text.printCursor
                0x00000ac4       0x30 menu.o
                0x00000ac4                printCursor
 .text.setMenu  0x00000af4       0xce menu.o
                0x00000af4                setMenu
 .text.newGame  0x00000bc2      0x282 menu.o
                0x00000bc2                newGame
 .text.pidSetting
                0x00000e44      0x178 menu.o
                0x00000e44                pidSetting
 .text.aboutGame
                0x00000fbc       0x9c menu.o
                0x00000fbc                aboutGame
 .text.modeSetting
                0x00001058      0x1d6 menu.o
                0x00001058                modeSetting
 .text.main     0x0000122e      0x100 Node1.o
                0x0000122e                main
 .text.OLED_PrintChar
                0x0000132e       0x2c oled.o
                0x0000132e                OLED_PrintChar
 .text.OLED_Print
                0x0000135a       0x1e oled.o
                0x0000135a                OLED_Print
 .text.OLED_Home
                0x00001378       0x46 oled.o
                0x00001378                OLED_Home
 .text.OLED_GotoLine
                0x000013be       0x36 oled.o
                0x000013be                OLED_GotoLine
 .text.OLED_Pos
                0x000013f4       0x3c oled.o
                0x000013f4                OLED_Pos
 .text.OLED_ClearCol
                0x00001430       0x3a oled.o
                0x00001430                OLED_ClearCol
 .text.OLED_ClearScreen
                0x0000146a       0x2c oled.o
                0x0000146a                OLED_ClearScreen
 .text.OLED_Init
                0x00001496      0x12e oled.o
                0x00001496                OLED_Init
 .text.SPI_init
                0x000015c4        0xe SPI.o
                0x000015c4                SPI_init
 .text.SPI_write
                0x000015d2        0x8 SPI.o
                0x000015d2                SPI_write
 .text.SPI_read
                0x000015da        0xa SPI.o
                0x000015da                SPI_read
 .text.SPI_slaveEnable
                0x000015e4        0xc SPI.o
                0x000015e4                SPI_slaveEnable
 .text.sramInit
                0x000015f0        0xe sram.o
                0x000015f0                sramInit
 .text.uartTransmit
                0x000015fe        0x8 uart.o
                0x000015fe                uartTransmit
 .text.uartReceive
                0x00001606        0x8 uart.o
                0x00001606                uartReceive
 .text.uartInit
                0x0000160e       0x1c uart.o
                0x0000160e                uartInit
 .text.avr-libc.fplib
                0x0000162a        0xa c:/program files (x86)/atmel/atmel toolchain/avr8 gcc/native/3.4.1061/avr8-gnu-toolchain/bin/../lib/gcc/avr/4.8.1/../../../../avr/lib/avr5\libm.a(addsf3.o)
                0x0000162a                __subsf3
                0x0000162c                __addsf3
 .text.avr-libc.fplib
                0x00001634       0xc0 c:/program files (x86)/atmel/atmel toolchain/avr8 gcc/native/3.4.1061/avr8-gnu-toolchain/bin/../lib/gcc/avr/4.8.1/../../../../avr/lib/avr5\libm.a(addsf3x.o)
                0x0000164e                __addsf3x
 .text.avr-libc.fplib
                0x000016f4        0x8 c:/program files (x86)/atmel/atmel toolchain/avr8 gcc/native/3.4.1061/avr8-gnu-toolchain/bin/../lib/gcc/avr/4.8.1/../../../../avr/lib/avr5\libm.a(cmpsf2.o)
                0x000016f4                __nesf2
                0x000016f4                __eqsf2
                0x000016f4                __cmpsf2
                0x000016f4                __ltsf2
                0x000016f4                __lesf2
 .text.avr-libc.fplib
                0x000016fc        0x4 c:/program files (x86)/atmel/atmel toolchain/avr8 gcc/native/3.4.1061/avr8-gnu-toolchain/bin/../lib/gcc/avr/4.8.1/../../../../avr/lib/avr5\libm.a(divsf3.o)
                0x000016fc                __divsf3
 .text.avr-libc.fplib
                0x00001700       0xcc c:/program files (x86)/atmel/atmel toolchain/avr8 gcc/native/3.4.1061/avr8-gnu-toolchain/bin/../lib/gcc/avr/4.8.1/../../../../avr/lib/avr5\libm.a(divsf3x.o)
                0x00001716                __divsf3x
                0x0000171a                __divsf3_pse
 .text.avr-libc.fplib
                0x000017cc        0xa c:/program files (x86)/atmel/atmel toolchain/avr8 gcc/native/3.4.1061/avr8-gnu-toolchain/bin/../lib/gcc/avr/4.8.1/../../../../avr/lib/avr5\libm.a(fixsfsi.o)
                0x000017cc                __fixsfsi
 .text.avr-libc.fplib
                0x000017d6       0x58 c:/program files (x86)/atmel/atmel toolchain/avr8 gcc/native/3.4.1061/avr8-gnu-toolchain/bin/../lib/gcc/avr/4.8.1/../../../../avr/lib/avr5\libm.a(fixunssfsi.o)
                0x000017d6                __fixunssfsi
 .text.avr-libc.fplib
                0x0000182e       0x7a c:/program files (x86)/atmel/atmel toolchain/avr8 gcc/native/3.4.1061/avr8-gnu-toolchain/bin/../lib/gcc/avr/4.8.1/../../../../avr/lib/avr5\libm.a(floatsisf.o)
                0x0000182e                __floatunsisf
                0x00001832                __floatsisf
 .text.avr-libc.fplib
                0x000018a8       0x48 c:/program files (x86)/atmel/atmel toolchain/avr8 gcc/native/3.4.1061/avr8-gnu-toolchain/bin/../lib/gcc/avr/4.8.1/../../../../avr/lib/avr5\libm.a(fp_cmp.o)
                0x000018a8                __fp_cmp
 .text.avr-libc.fplib
                0x000018f0        0xc c:/program files (x86)/atmel/atmel toolchain/avr8 gcc/native/3.4.1061/avr8-gnu-toolchain/bin/../lib/gcc/avr/4.8.1/../../../../avr/lib/avr5\libm.a(fp_inf.o)
                0x000018f0                __fp_inf
 .text.avr-libc.fplib
                0x000018fc        0x6 c:/program files (x86)/atmel/atmel toolchain/avr8 gcc/native/3.4.1061/avr8-gnu-toolchain/bin/../lib/gcc/avr/4.8.1/../../../../avr/lib/avr5\libm.a(fp_nan.o)
                0x000018fc                __fp_nan
 .text.avr-libc.fplib
                0x00001902        0xe c:/program files (x86)/atmel/atmel toolchain/avr8 gcc/native/3.4.1061/avr8-gnu-toolchain/bin/../lib/gcc/avr/4.8.1/../../../../avr/lib/avr5\libm.a(fp_pscA.o)
                0x00001902                __fp_pscA
 .text.avr-libc.fplib
                0x00001910        0xe c:/program files (x86)/atmel/atmel toolchain/avr8 gcc/native/3.4.1061/avr8-gnu-toolchain/bin/../lib/gcc/avr/4.8.1/../../../../avr/lib/avr5\libm.a(fp_pscB.o)
                0x00001910                __fp_pscB
 .text.avr-libc.fplib
                0x0000191e       0x22 c:/program files (x86)/atmel/atmel toolchain/avr8 gcc/native/3.4.1061/avr8-gnu-toolchain/bin/../lib/gcc/avr/4.8.1/../../../../avr/lib/avr5\libm.a(fp_round.o)
                0x0000191e                __fp_round
 .text.avr-libc.fplib
                0x00001940       0x44 c:/program files (x86)/atmel/atmel toolchain/avr8 gcc/native/3.4.1061/avr8-gnu-toolchain/bin/../lib/gcc/avr/4.8.1/../../../../avr/lib/avr5\libm.a(fp_split3.o)
                0x00001940                __fp_split3
                0x00001950                __fp_splitA
 .text.avr-libc.fplib
                0x00001984        0xe c:/program files (x86)/atmel/atmel toolchain/avr8 gcc/native/3.4.1061/avr8-gnu-toolchain/bin/../lib/gcc/avr/4.8.1/../../../../avr/lib/avr5\libm.a(fp_zero.o)
                0x00001984                __fp_zero
                0x00001986                __fp_szero
 .text.avr-libc.fplib
                0x00001992        0x4 c:/program files (x86)/atmel/atmel toolchain/avr8 gcc/native/3.4.1061/avr8-gnu-toolchain/bin/../lib/gcc/avr/4.8.1/../../../../avr/lib/avr5\libm.a(mulsf3.o)
                0x00001992                __mulsf3
 .text.avr-libc.fplib
                0x00001996       0xc2 c:/program files (x86)/atmel/atmel toolchain/avr8 gcc/native/3.4.1061/avr8-gnu-toolchain/bin/../lib/gcc/avr/4.8.1/../../../../avr/lib/avr5\libm.a(mulsf3x.o)
                0x000019aa                __mulsf3x
                0x000019ae                __mulsf3_pse
 .text.avr-libc
                0x00001a58       0x16 c:/program files (x86)/atmel/atmel toolchain/avr8 gcc/native/3.4.1061/avr8-gnu-toolchain/bin/../lib/gcc/avr/4.8.1/../../../../avr/lib/avr5\libc.a(strcat.o)
                0x00001a58                strcat
 .text.avr-libc
                0x00001a6e       0x16 c:/program files (x86)/atmel/atmel toolchain/avr8 gcc/native/3.4.1061/avr8-gnu-toolchain/bin/../lib/gcc/avr/4.8.1/../../../../avr/lib/avr5\libc.a(itoa_ncheck.o)
                0x00001a6e                __itoa_ncheck
 .text.avr-libc
                0x00001a84       0x34 c:/program files (x86)/atmel/atmel toolchain/avr8 gcc/native/3.4.1061/avr8-gnu-toolchain/bin/../lib/gcc/avr/4.8.1/../../../../avr/lib/avr5\libc.a(utoa_ncheck.o)
                0x00001a84                __utoa_ncheck
                0x00001a86                __utoa_common
 .text.avr-libc
                0x00001ab8       0x96 c:/program files (x86)/atmel/atmel toolchain/avr8 gcc/native/3.4.1061/avr8-gnu-toolchain/bin/../lib/gcc/avr/4.8.1/../../../../avr/lib/avr5\libc.a(fdevopen.o)
                0x00001ab8                fdevopen
 .text.avr-libc
                0x00001b4e       0x38 c:/program files (x86)/atmel/atmel toolchain/avr8 gcc/native/3.4.1061/avr8-gnu-toolchain/bin/../lib/gcc/avr/4.8.1/../../../../avr/lib/avr5\libc.a(calloc.o)
                0x00001b4e                calloc
 .text.avr-libc
                0x00001b86      0x24e c:/program files (x86)/atmel/atmel toolchain/avr8 gcc/native/3.4.1061/avr8-gnu-toolchain/bin/../lib/gcc/avr/4.8.1/../../../../avr/lib/avr5\libc.a(malloc.o)
                0x00001b86                malloc
                0x00001cb6                free
 .text.avr-libc
                0x00001dd4        0xe c:/program files (x86)/atmel/atmel toolchain/avr8 gcc/native/3.4.1061/avr8-gnu-toolchain/bin/../lib/gcc/avr/4.8.1/../../../../avr/lib/avr5\libc.a(memset.o)
                0x00001dd4                memset
 .text.avr-libc
                0x00001de2       0x20 c:/program files (x86)/atmel/atmel toolchain/avr8 gcc/native/3.4.1061/avr8-gnu-toolchain/bin/../lib/gcc/avr/4.8.1/../../../../avr/lib/avr5\libc.a(strrev.o)
                0x00001de2                strrev
                0x00001e02                . = ALIGN (0x2)
 *(.fini9)
 .fini9         0x00001e02        0x0 c:/program files (x86)/atmel/atmel toolchain/avr8 gcc/native/3.4.1061/avr8-gnu-toolchain/bin/../lib/gcc/avr/4.8.1/avr5\libgcc.a(_exit.o)
                0x00001e02                _exit
                0x00001e02                exit
 *(.fini9)
 *(.fini8)
 *(.fini8)
 *(.fini7)
 *(.fini7)
 *(.fini6)
 *(.fini6)
 *(.fini5)
 *(.fini5)
 *(.fini4)
 *(.fini4)
 *(.fini3)
 *(.fini3)
 *(.fini2)
 *(.fini2)
 *(.fini1)
 *(.fini1)
 *(.fini0)
 .fini0         0x00001e02        0x4 c:/program files (x86)/atmel/atmel toolchain/avr8 gcc/native/3.4.1061/avr8-gnu-toolchain/bin/../lib/gcc/avr/4.8.1/avr5\libgcc.a(_exit.o)
 *(.fini0)
                0x00001e06                _etext = .

.data           0x00800100      0x16a load address 0x00001e06
                0x00800100                PROVIDE (__data_start, .)
 *(.data)
 .data          0x00800100        0x6 c:/program files (x86)/atmel/atmel toolchain/avr8 gcc/native/3.4.1061/avr8-gnu-toolchain/bin/../lib/gcc/avr/4.8.1/../../../../avr/lib/avr5\libc.a(malloc.o)
                0x00800100                __malloc_heap_end
                0x00800102                __malloc_heap_start
                0x00800104                __malloc_margin
 *(.data*)
 .data.adcPointer
                0x00800106        0x2 adc.o
                0x00800106                adcPointer
 .data.kp       0x00800108        0x1 menu.o
                0x00800108                kp
 .data.maxMinValues
                0x00800109       0x10 Node1.o
                0x00800109                maxMinValues
 .data.OLED_Data
                0x00800119        0x2 oled.o
                0x00800119                OLED_Data
 .data.OLED_Command
                0x0080011b        0x2 oled.o
                0x0080011b                OLED_Command
 *(.rodata)
 .rodata        0x0080011d       0x10 menu.o
 *(.rodata*)
 .rodata.str1.1
                0x0080012d      0x13d menu.o
                                0x147 (size before relaxing)
 .rodata.str1.1
                0x00000000        0x3 Node1.o
 *(.gnu.linkonce.d*)
                0x0080026a                . = ALIGN (0x2)
                0x0080026a                _edata = .
                0x0080026a                PROVIDE (__data_end, .)

.bss            0x0080026a      0x103
                0x0080026a                PROVIDE (__bss_start, .)
 *(.bss)
 *(.bss*)
 .bss.mode      0x0080026a        0x1 menu.o
                0x0080026a                mode
 .bss.maxItems  0x0080026b        0x2 Node1.o
                0x0080026b                maxItems
 .bss.currentMenuItem
                0x0080026d        0x2 Node1.o
                0x0080026d                currentMenuItem
 *(COMMON)
 COMMON         0x0080026f       0xf2 menu.o
                0x0080026f                pid
                0x00800287                settings
                0x0080029f                modeselect
                0x008002b7                newgame
                0x008002cf                currentMenu
                0x008002e7                calibration
                0x008002ff                mainmenu
                0x00800317                misc
                0x0080032f                about
                0x00800347                highscore
                0x0080035f                menuIt
 COMMON         0x00800361        0x2 oled.o
                0x00800361                col
                0x00800362                page
 COMMON         0x00800363        0x6 c:/program files (x86)/atmel/atmel toolchain/avr8 gcc/native/3.4.1061/avr8-gnu-toolchain/bin/../lib/gcc/avr/4.8.1/../../../../avr/lib/avr5\libc.a(iob.o)
                0x00800363                __iob
 COMMON         0x00800369        0x4 c:/program files (x86)/atmel/atmel toolchain/avr8 gcc/native/3.4.1061/avr8-gnu-toolchain/bin/../lib/gcc/avr/4.8.1/../../../../avr/lib/avr5\libc.a(malloc.o)
                0x00800369                __brkval
                0x0080036b                __flp
                0x0080036d                PROVIDE (__bss_end, .)
                0x00001e06                __data_load_start = LOADADDR (.data)
                0x00001f70                __data_load_end = (__data_load_start + SIZEOF (.data))

.noinit         0x0080036d        0x0
                0x0080036d                PROVIDE (__noinit_start, .)
 *(.noinit*)
                0x0080036d                PROVIDE (__noinit_end, .)
                0x0080036d                _end = .
                0x0080036d                PROVIDE (__heap_start, .)

.eeprom         0x00810000        0x0
 *(.eeprom*)
                0x00810000                __eeprom_end = .

.fuse
 *(.fuse)
 *(.lfuse)
 *(.hfuse)
 *(.efuse)

.lock
 *(.lock*)

.signature
 *(.signature*)

.user_signatures
 *(.user_signatures*)

.stab
 *(.stab)

.stabstr
 *(.stabstr)

.stab.excl
 *(.stab.excl)

.stab.exclstr
 *(.stab.exclstr)

.stab.index
 *(.stab.index)

.stab.indexstr
 *(.stab.indexstr)

.comment        0x00000000       0x30
 *(.comment)
 .comment       0x00000000       0x30 adc.o
                                 0x31 (size before relaxing)
 .comment       0x00000000       0x31 CAN.o
 .comment       0x00000000       0x31 joystick.o
 .comment       0x00000000       0x31 MCP2515.o
 .comment       0x00000000       0x31 menu.o
 .comment       0x00000000       0x31 Node1.o
 .comment       0x00000000       0x31 oled.o
 .comment       0x00000000       0x31 SPI.o
 .comment       0x00000000       0x31 sram.o
 .comment       0x00000000       0x31 uart.o
 .comment       0x00000000       0x31 c:/program files (x86)/atmel/atmel toolchain/avr8 gcc/native/3.4.1061/avr8-gnu-toolchain/bin/../lib/gcc/avr/4.8.1/../../../../avr/lib/avr5\libc.a(fdevopen.o)
 .comment       0x00000000       0x31 c:/program files (x86)/atmel/atmel toolchain/avr8 gcc/native/3.4.1061/avr8-gnu-toolchain/bin/../lib/gcc/avr/4.8.1/../../../../avr/lib/avr5\libc.a(iob.o)
 .comment       0x00000000       0x31 c:/program files (x86)/atmel/atmel toolchain/avr8 gcc/native/3.4.1061/avr8-gnu-toolchain/bin/../lib/gcc/avr/4.8.1/../../../../avr/lib/avr5\libc.a(calloc.o)
 .comment       0x00000000       0x31 c:/program files (x86)/atmel/atmel toolchain/avr8 gcc/native/3.4.1061/avr8-gnu-toolchain/bin/../lib/gcc/avr/4.8.1/../../../../avr/lib/avr5\libc.a(malloc.o)

.note.gnu.build-id
 *(.note.gnu.build-id)

.debug
 *(.debug)

.line
 *(.line)

.debug_srcinfo
 *(.debug_srcinfo)

.debug_sfnames
 *(.debug_sfnames)

.debug_aranges  0x00000000      0x278
 *(.debug_aranges)
 .debug_aranges
                0x00000000       0x20 adc.o
 .debug_aranges
                0x00000020       0x40 CAN.o
 .debug_aranges
                0x00000060       0x38 joystick.o
 .debug_aranges
                0x00000098       0x50 MCP2515.o
 .debug_aranges
                0x000000e8       0x80 menu.o
 .debug_aranges
                0x00000168       0x20 Node1.o
 .debug_aranges
                0x00000188       0x60 oled.o
 .debug_aranges
                0x000001e8       0x38 SPI.o
 .debug_aranges
                0x00000220       0x28 sram.o
 .debug_aranges
                0x00000248       0x30 uart.o

.debug_pubnames
 *(.debug_pubnames)

.debug_info     0x00000000     0x3827
 *(.debug_info .gnu.linkonce.wi.*)
 .debug_info    0x00000000      0x179 adc.o
 .debug_info    0x00000179      0x4fa CAN.o
 .debug_info    0x00000673      0x659 joystick.o
 .debug_info    0x00000ccc      0x3e2 MCP2515.o
 .debug_info    0x000010ae     0x1a12 menu.o
 .debug_info    0x00002ac0      0x537 Node1.o
 .debug_info    0x00002ff7      0x39c oled.o
 .debug_info    0x00003393      0x10e SPI.o
 .debug_info    0x000034a1      0x1aa sram.o
 .debug_info    0x0000364b      0x1dc uart.o

.debug_abbrev   0x00000000     0x110b
 *(.debug_abbrev)
 .debug_abbrev  0x00000000      0x103 adc.o
 .debug_abbrev  0x00000103      0x21c CAN.o
 .debug_abbrev  0x0000031f      0x218 joystick.o
 .debug_abbrev  0x00000537      0x140 MCP2515.o
 .debug_abbrev  0x00000677      0x3cc menu.o
 .debug_abbrev  0x00000a43      0x217 Node1.o
 .debug_abbrev  0x00000c5a      0x1b1 oled.o
 .debug_abbrev  0x00000e0b       0xe1 SPI.o
 .debug_abbrev  0x00000eec       0xe7 sram.o
 .debug_abbrev  0x00000fd3      0x138 uart.o

.debug_line     0x00000000     0x1053
 *(.debug_line .debug_line.* .debug_line_end)
 .debug_line    0x00000000      0x136 adc.o
 .debug_line    0x00000136      0x1db CAN.o
 .debug_line    0x00000311      0x23c joystick.o
 .debug_line    0x0000054d      0x130 MCP2515.o
 .debug_line    0x0000067d      0x405 menu.o
 .debug_line    0x00000a82      0x185 Node1.o
 .debug_line    0x00000c07      0x197 oled.o
 .debug_line    0x00000d9e       0xe4 SPI.o
 .debug_line    0x00000e82       0xed sram.o
 .debug_line    0x00000f6f       0xe4 uart.o

.debug_frame    0x00000000      0x810
 *(.debug_frame)
 .debug_frame   0x00000000       0x24 adc.o
 .debug_frame   0x00000024       0xd4 CAN.o
 .debug_frame   0x000000f8      0x1b8 joystick.o
 .debug_frame   0x000002b0       0xb8 MCP2515.o
 .debug_frame   0x00000368      0x274 menu.o
 .debug_frame   0x000005dc       0x24 Node1.o
 .debug_frame   0x00000600       0xd0 oled.o
 .debug_frame   0x000006d0       0x54 SPI.o
 .debug_frame   0x00000724       0xa8 sram.o
 .debug_frame   0x000007cc       0x44 uart.o

.debug_str      0x00000000      0x7e0
 *(.debug_str)
 .debug_str     0x00000000      0x1ac adc.o
                                0x1e5 (size before relaxing)
 .debug_str     0x000001ac       0xf2 CAN.o
                                0x298 (size before relaxing)
 .debug_str     0x0000029e       0xcd joystick.o
                                0x27e (size before relaxing)
 .debug_str     0x0000036b       0x67 MCP2515.o
                                0x1f3 (size before relaxing)
 .debug_str     0x000003d2      0x26f menu.o
                                0x4d0 (size before relaxing)
 .debug_str     0x00000641       0x4e Node1.o
                                0x31c (size before relaxing)
 .debug_str     0x0000068f       0x8b oled.o
                                0x21f (size before relaxing)
 .debug_str     0x0000071a       0x12 SPI.o
                                0x191 (size before relaxing)
 .debug_str     0x0000072c       0x68 sram.o
                                0x1d7 (size before relaxing)
 .debug_str     0x00000794       0x4c uart.o
                                0x1ad (size before relaxing)

.debug_loc      0x00000000     0x1fb3
 *(.debug_loc)
 .debug_loc     0x00000000       0xb7 adc.o
 .debug_loc     0x000000b7      0x2bf CAN.o
 .debug_loc     0x00000376      0x9fe joystick.o
 .debug_loc     0x00000d74      0x257 MCP2515.o
 .debug_loc     0x00000fcb      0xb06 menu.o
 .debug_loc     0x00001ad1       0x17 Node1.o
 .debug_loc     0x00001ae8      0x309 oled.o
 .debug_loc     0x00001df1      0x1c2 sram.o

.debug_macinfo
 *(.debug_macinfo)

.debug_weaknames
 *(.debug_weaknames)

.debug_funcnames
 *(.debug_funcnames)

.debug_typenames
 *(.debug_typenames)

.debug_varnames
 *(.debug_varnames)

.debug_pubtypes
 *(.debug_pubtypes)

.debug_ranges   0x00000000      0x250
 *(.debug_ranges)
 .debug_ranges  0x00000000       0x10 adc.o
 .debug_ranges  0x00000010       0x30 CAN.o
 .debug_ranges  0x00000040       0x58 joystick.o
 .debug_ranges  0x00000098       0x40 MCP2515.o
 .debug_ranges  0x000000d8       0x70 menu.o
 .debug_ranges  0x00000148       0x28 Node1.o
 .debug_ranges  0x00000170       0x50 oled.o
 .debug_ranges  0x000001c0       0x28 SPI.o
 .debug_ranges  0x000001e8       0x48 sram.o
 .debug_ranges  0x00000230       0x20 uart.o

.debug_macro
 *(.debug_macro)
OUTPUT(Node1.elf elf32-avr)
LOAD linker stubs
